// Jest Snapshot v1, https://goo.gl/fbAQLP

exports[`App component renders correctly 1`] = `
<div
  class="app-wrapper"
>
  <h1>
    RigoBlock
  </h1>
  <div>
    <p>
      Test counter
    </p>
    <button
      class="counter"
    >
      0
    </button>
  </div>
  <a
    class="link"
    href="/vault"
  >
    Vault
  </a>
</div>
`;
